extra_func 6 0xA009  # cpu=$8009 target=CODE A=0D X=06 Y=00 call_site=$0000
extra_func 6 0xA003  # cpu=$8003 target=CODE A=05 X=10 Y=00 call_site=$0000
extra_func 7 0xD7C4  # cpu=$D7C4 target=CODE A=D7 X=07 Y=01 call_site=$023C
extra_func 7 0xD7B8  # cpu=$D7B8 target=CODE A=D7 X=07 Y=00 call_site=$0239
extra_func 6 0x89DD  # cpu=$89DD target=CODE A=89 X=03 Y=01 call_site=$0000
extra_func 7 0xFF01  # cpu=$FF01 target=ZERO_FILLED A=00 X=03 Y=04 call_site=$6041
extra_func 7 0xE9AE  # cpu=$E9AE target=CODE A=00 X=FF Y=00 call_site=$FF00
extra_func 3 0xA013  # cpu=$A013 target=CODE A=00 X=02 Y=04 call_site=$0000
extra_func 3 0x2D04  # cpu=$2D04 target=ZERO_FILLED A=00 X=00 Y=15 call_site=$0000
extra_func 6 0xA009  # cpu=$8009 target=CODE A=0D X=06 Y=00 call_site=$0000
extra_func 6 0xA003  # cpu=$8003 target=CODE A=05 X=10 Y=00 call_site=$0000
extra_func 6 0xA009  # cpu=$8009 target=CODE A=0D X=06 Y=00 call_site=$0000
extra_func 6 0xA003  # cpu=$8003 target=CODE A=05 X=10 Y=00 call_site=$0000
extra_func 7 0xD7C4  # cpu=$D7C4 target=CODE A=D7 X=07 Y=01 call_site=$023C
extra_func 7 0xD7B8  # cpu=$D7B8 target=CODE A=D7 X=07 Y=00 call_site=$0239
extra_func 6 0x89DD  # cpu=$89DD target=CODE A=89 X=03 Y=01 call_site=$0000
extra_func 7 0xFF01  # cpu=$FF01 target=ZERO_FILLED A=00 X=03 Y=04 call_site=$6041
extra_func 7 0xE9AE  # cpu=$E9AE target=CODE A=00 X=FF Y=00 call_site=$FF00
extra_func 3 0xA013  # cpu=$A013 target=CODE A=00 X=02 Y=04 call_site=$0000
extra_func 3 0x2D04  # cpu=$2D04 target=ZERO_FILLED A=00 X=00 Y=15 call_site=$0000
extra_func 6 0x8A35  # cpu=$8A35 target=CODE A=8A X=02 Y=03 call_site=$140D
extra_func 6 0xA009  # cpu=$8009 target=CODE A=0D X=06 Y=00 call_site=$0000
extra_func 6 0xA003  # cpu=$8003 target=CODE A=05 X=10 Y=00 call_site=$0000
extra_func 7 0xD7C4  # cpu=$D7C4 target=CODE A=D7 X=07 Y=01 call_site=$023C
extra_func 7 0xD7B8  # cpu=$D7B8 target=CODE A=D7 X=07 Y=00 call_site=$0239
extra_func 6 0x89DD  # cpu=$89DD target=CODE A=89 X=03 Y=01 call_site=$0000
extra_func 7 0xFF01  # cpu=$FF01 target=ZERO_FILLED A=00 X=03 Y=04 call_site=$6041
extra_func 7 0xE9AE  # cpu=$E9AE target=CODE A=00 X=FF Y=00 call_site=$FF00
extra_func 3 0xA013  # cpu=$A013 target=CODE A=00 X=02 Y=04 call_site=$0000
extra_func 3 0x2D04  # cpu=$2D04 target=ZERO_FILLED A=00 X=00 Y=15 call_site=$0000
extra_func 6 0xA009  # cpu=$8009 target=CODE A=0D X=06 Y=00 call_site=$0000
extra_func 6 0xA003  # cpu=$8003 target=CODE A=05 X=10 Y=00 call_site=$0000
extra_func 7 0xD7C4  # cpu=$D7C4 target=CODE A=D7 X=07 Y=01 call_site=$023C
extra_func 7 0xD7B8  # cpu=$D7B8 target=CODE A=D7 X=07 Y=00 call_site=$0239
extra_func 6 0x89DD  # cpu=$89DD target=CODE A=89 X=03 Y=01 call_site=$0000
extra_func 7 0xFF01  # cpu=$FF01 target=ZERO_FILLED A=00 X=03 Y=04 call_site=$6041
extra_func 7 0xE9AE  # cpu=$E9AE target=CODE A=00 X=FF Y=00 call_site=$FF00
extra_func 3 0xA013  # cpu=$A013 target=CODE A=00 X=02 Y=04 call_site=$0000
extra_func 3 0x2D04  # cpu=$2D04 target=ZERO_FILLED A=00 X=00 Y=15 call_site=$0000
