=== runtime fault: unexpected process exit with active recomp stack ===
frame=355 cycles=72744216855 cpu A=$DE X=$03 Y=$02 P=$00 S=$FB
guest_pc=$E513 valid=1 tick_charged=1
window=$E000 bank=3 dispatch_depth=9 vblank_depth=3 ops=14894 budget=29780
mapper type=4 current_bank=3 mirroring=3 select=$07 irq_latch=$7F irq_counter=$00 irq_reload=1 irq_enabled=1
mapper_regs 3C 3E 00 00 00 00 06 07
last_miss gen=$4C01 cpu=$4C01 bank=3 class=ZERO_FILLED call_site=$2116
recomp_stack top=14 last=func_E510
  [13] func_E510
  [12] func_D401
  [11] func_CF25
  [10] func_CDE7
  [9] func_CD7D
  [8] func_CB25
  [7] func_DC80
  [6] func_E510
  [5] func_DB92
  [4] func_EDF6
  [3] func_89BF_b6
  [2] func_8021_b6
  [1] func_8021_b6
  [0] func_8021_b6
last_dispatches
  C $CD50 cb=-1 S=$F9 depth=6 wb=$C000
  C $CD7D cb=-1 S=$F9 depth=5 wb=$C000
  T $CD50 cb=-1 S=$F9 depth=6 wb=$C000
  C $CD50 cb=-1 S=$F9 depth=6 wb=$C000
  C $CD7D cb=-1 S=$F9 depth=5 wb=$C000
  T $CD50 cb=-1 S=$F9 depth=6 wb=$C000
  C $CD50 cb=-1 S=$F9 depth=6 wb=$C000
  C $CD7D cb=-1 S=$F9 depth=5 wb=$C000
  T $CD50 cb=-1 S=$F9 depth=6 wb=$C000
  C $CD50 cb=-1 S=$F9 depth=6 wb=$C000
  C $CD7D cb=-1 S=$F9 depth=5 wb=$C000
  T $CD50 cb=-1 S=$F9 depth=6 wb=$C000
  C $CD50 cb=-1 S=$F9 depth=6 wb=$C000
  C $CD30 cb=-1 S=$F9 depth=4 wb=$C000
  C $CC71 cb=-1 S=$F9 depth=4 wb=$C000
  C $CCDA cb=-1 S=$F9 depth=4 wb=$C000
  C $CC71 cb=-1 S=$F9 depth=4 wb=$C000
  T $CC61 cb=-1 S=$F9 depth=5 wb=$C000
  C $CC61 cb=-1 S=$F9 depth=5 wb=$C000
  C $CCDA cb=-1 S=$F9 depth=4 wb=$C000
  C $CC71 cb=-1 S=$F9 depth=4 wb=$C000
  T $CC61 cb=-1 S=$F9 depth=5 wb=$C000
  C $CC61 cb=-1 S=$F9 depth=5 wb=$C000
  C $CCDA cb=-1 S=$F9 depth=4 wb=$C000
  C $CC71 cb=-1 S=$F9 depth=4 wb=$C000
  T $CC61 cb=-1 S=$F9 depth=5 wb=$C000
  C $CC61 cb=-1 S=$F9 depth=5 wb=$C000
  n $0002 cb=-1 S=$FF depth=3 wb=$E000
  T $E9AE cb=-1 S=$F9 depth=3 wb=$E000
  C $E9AE cb=-1 S=$F9 depth=3 wb=$E000
  T $D9F0 cb=-1 S=$FF depth=3 wb=$E000
  C $D9F0 cb=-1 S=$FF depth=3 wb=$E000
  C $DBAF cb=-1 S=$FF depth=3 wb=$C000
  C $8021 cb=-1 S=$FF depth=4 wb=$C000
  T $89BF cb=6 S=$FF depth=5 wb=$8000
  C $89BF cb=6 S=$FF depth=5 wb=$8000
  T $8749 cb=-1 S=$FF depth=6 wb=$E000
  C $8749 cb=-1 S=$FF depth=6 wb=$E000
  T $8749 cb=-1 S=$FF depth=6 wb=$E000
  C $8749 cb=-1 S=$FF depth=6 wb=$E000
  T $8749 cb=-1 S=$FF depth=6 wb=$E000
  C $8749 cb=-1 S=$FF depth=6 wb=$E000
  T $8749 cb=-1 S=$FF depth=6 wb=$E000
  C $8749 cb=-1 S=$FF depth=6 wb=$E000
  C $DB65 cb=-1 S=$FF depth=3 wb=$C000
  C $DB92 cb=-1 S=$FF depth=3 wb=$C000
  C $D341 cb=-1 S=$FF depth=4 wb=$C000
  T $D377 cb=-1 S=$FF depth=4 wb=$C000
  C $D377 cb=-1 S=$FF depth=4 wb=$C000
  N $0002 cb=-1 S=$FC depth=3 wb=$E000
  C $DE39 cb=-1 S=$F9 depth=3 wb=$C000
  T $E11E cb=-1 S=$F9 depth=4 wb=$C000
  C $E11E cb=-1 S=$F9 depth=4 wb=$C000
  T $E11E cb=-1 S=$F9 depth=3 wb=$E000
  C $E11E cb=-1 S=$F9 depth=3 wb=$E000
  C $DCCE cb=-1 S=$F9 depth=3 wb=$C000
  C $CB25 cb=-1 S=$F9 depth=3 wb=$C000
  C $CD30 cb=-1 S=$F9 depth=4 wb=$C000
  C $CD7D cb=-1 S=$F9 depth=5 wb=$C000
  T $CD50 cb=-1 S=$F9 depth=6 wb=$C000
  C $CD50 cb=-1 S=$F9 depth=6 wb=$C000
  C $CD7D cb=-1 S=$F9 depth=5 wb=$C000
  T $CD50 cb=-1 S=$F9 depth=6 wb=$C000
  C $CD50 cb=-1 S=$F9 depth=6 wb=$C000
  C $CD7D cb=-1 S=$F9 depth=5 wb=$C000
  T $CD50 cb=-1 S=$F9 depth=6 wb=$C000
  C $CD50 cb=-1 S=$F9 depth=6 wb=$C000
  C $CD7D cb=-1 S=$F9 depth=5 wb=$C000
  T $CD50 cb=-1 S=$F9 depth=6 wb=$C000
  C $CD50 cb=-1 S=$F9 depth=6 wb=$C000
  C $CD7D cb=-1 S=$F9 depth=5 wb=$C000
  T $CD50 cb=-1 S=$F9 depth=6 wb=$C000
  C $CD50 cb=-1 S=$F9 depth=6 wb=$C000
  C $CD30 cb=-1 S=$F9 depth=4 wb=$C000
  C $CC71 cb=-1 S=$F9 depth=4 wb=$C000
  C $CCDA cb=-1 S=$F9 depth=4 wb=$C000
  C $CC71 cb=-1 S=$F9 depth=4 wb=$C000
  T $CC61 cb=-1 S=$F9 depth=5 wb=$C000
  C $CC61 cb=-1 S=$F9 depth=5 wb=$C000
  C $CCDA cb=-1 S=$F9 depth=4 wb=$C000
  C $CC71 cb=-1 S=$F9 depth=4 wb=$C000
  T $CC61 cb=-1 S=$F9 depth=5 wb=$C000
  C $CC61 cb=-1 S=$F9 depth=5 wb=$C000
  C $CCDA cb=-1 S=$F9 depth=4 wb=$C000
  C $CC71 cb=-1 S=$F9 depth=4 wb=$C000
  T $CC61 cb=-1 S=$F9 depth=5 wb=$C000
  C $CC61 cb=-1 S=$F9 depth=5 wb=$C000
  n $0002 cb=-1 S=$FF depth=3 wb=$E000
  T $E9AE cb=-1 S=$F9 depth=3 wb=$E000
  C $E9AE cb=-1 S=$F9 depth=3 wb=$E000
  T $D9F0 cb=-1 S=$FF depth=3 wb=$E000
  C $D9F0 cb=-1 S=$FF depth=3 wb=$E000
  C $DBAF cb=-1 S=$FF depth=3 wb=$C000
  C $8021 cb=-1 S=$FF depth=4 wb=$C000
  T $89BF cb=6 S=$FF depth=5 wb=$8000
  C $89BF cb=6 S=$FF depth=5 wb=$8000
  T $8749 cb=-1 S=$FF depth=6 wb=$E000
  C $8749 cb=-1 S=$FF depth=6 wb=$E000
  T $8749 cb=-1 S=$FF depth=6 wb=$E000
  C $8749 cb=-1 S=$FF depth=6 wb=$E000
  T $8749 cb=-1 S=$FF depth=6 wb=$E000
  C $8749 cb=-1 S=$FF depth=6 wb=$E000
  T $8749 cb=-1 S=$FF depth=6 wb=$E000
  C $8749 cb=-1 S=$FF depth=6 wb=$E000
  C $DB65 cb=-1 S=$FF depth=3 wb=$C000
  C $DB92 cb=-1 S=$FF depth=3 wb=$C000
  C $D341 cb=-1 S=$FF depth=4 wb=$C000
  T $D377 cb=-1 S=$FF depth=4 wb=$C000
  C $D377 cb=-1 S=$FF depth=4 wb=$C000
  N $0002 cb=-1 S=$FC depth=3 wb=$E000
  C $DE39 cb=-1 S=$F9 depth=3 wb=$C000
  T $E11E cb=-1 S=$F9 depth=4 wb=$C000
  C $E11E cb=-1 S=$F9 depth=4 wb=$C000
  T $E11E cb=-1 S=$F9 depth=3 wb=$E000
  C $E11E cb=-1 S=$F9 depth=3 wb=$E000
  C $DCCE cb=-1 S=$F9 depth=3 wb=$C000
  C $CB25 cb=-1 S=$F9 depth=3 wb=$C000
  C $CD30 cb=-1 S=$F9 depth=4 wb=$C000
  C $CD7D cb=-1 S=$F9 depth=5 wb=$C000
  C $CD5F cb=-1 S=$F9 depth=6 wb=$C000
  C $CD7D cb=-1 S=$F9 depth=5 wb=$C000
  T $CDE7 cb=-1 S=$F9 depth=6 wb=$C000
  C $CDE7 cb=-1 S=$F9 depth=6 wb=$C000
  T $CF25 cb=-1 S=$F9 depth=7 wb=$C000
  C $CF25 cb=-1 S=$F9 depth=7 wb=$C000
  C $CD5F cb=-1 S=$F9 depth=8 wb=$C000
  T $D401 cb=-1 S=$FB depth=8 wb=$C000
  C $D401 cb=-1 S=$FB depth=8 wb=$C000
=== end runtime fault ===

=== runtime fault: unexpected process exit with active recomp stack ===
frame=1800 cycles=60603320 cpu A=$65 X=$C4 Y=$00 P=$00 S=$FF
guest_pc=$E51C valid=1 tick_charged=1
window=$E000 bank=6 dispatch_depth=3 vblank_depth=1 ops=1 budget=29780
mapper type=4 current_bank=6 mirroring=2 select=$06 irq_latch=$7F irq_counter=$0F irq_reload=0 irq_enabled=0
mapper_regs 00 3E 00 00 00 00 0C 05
last_miss gen=$2201 cpu=$2201 bank=3 class=ZERO_FILLED call_site=$0000
recomp_stack top=507 last=func_E510
  [506] func_E510
  [505] func_DB92
  [504] func_EDF6
  [503] func_89BF_b6
  [502] func_8021_b6
  [501] func_8021_b6
  [500] func_89BF_b6
  [499] func_8021_b6
  [498] func_89BF_b6
  [497] func_8021_b6
  [496] func_89BF_b6
  [495] func_8021_b6
  [494] func_89BF_b6
  [493] func_8021_b6
  [492] func_89BF_b6
  [491] func_8021_b6
  [490] func_89BF_b6
  [489] func_8021_b6
  [488] func_89BF_b6
  [487] func_8021_b6
  [486] func_89BF_b6
  [485] func_8021_b6
  [484] func_89BF_b6
  [483] func_8021_b6
  [482] func_89BF_b6
  [481] func_8021_b6
  [480] func_89BF_b6
  [479] func_8021_b6
  [478] func_89BF_b6
  [477] func_8021_b6
  [476] func_89BF_b6
  [475] func_8021_b6
last_dispatches
  C $CCDA cb=-1 S=$F9 depth=4 wb=$C000
  C $CC71 cb=-1 S=$F9 depth=4 wb=$C000
  T $CC61 cb=-1 S=$F9 depth=5 wb=$C000
  C $CC61 cb=-1 S=$F9 depth=5 wb=$C000
  C $CCDA cb=-1 S=$F9 depth=4 wb=$C000
  C $CC71 cb=-1 S=$F9 depth=4 wb=$C000
  T $CC61 cb=-1 S=$F9 depth=5 wb=$C000
  C $CC61 cb=-1 S=$F9 depth=5 wb=$C000
  C $CCDA cb=-1 S=$F9 depth=4 wb=$C000
  C $CC71 cb=-1 S=$F9 depth=4 wb=$C000
  T $CC61 cb=-1 S=$F9 depth=5 wb=$C000
  C $CC61 cb=-1 S=$F9 depth=5 wb=$C000
  n $0002 cb=-1 S=$FF depth=3 wb=$E000
  T $E9AE cb=-1 S=$F9 depth=3 wb=$E000
  C $E9AE cb=-1 S=$F9 depth=3 wb=$E000
  T $D9F0 cb=-1 S=$FF depth=3 wb=$E000
  C $D9F0 cb=-1 S=$FF depth=3 wb=$E000
  C $DBAF cb=-1 S=$FF depth=3 wb=$C000
  C $8021 cb=-1 S=$FF depth=4 wb=$C000
  T $89BF cb=6 S=$FF depth=5 wb=$8000
  C $89BF cb=6 S=$FF depth=5 wb=$8000
  T $8749 cb=-1 S=$FF depth=6 wb=$E000
  C $8749 cb=-1 S=$FF depth=6 wb=$E000
  T $8749 cb=-1 S=$FF depth=6 wb=$E000
  C $8749 cb=-1 S=$FF depth=6 wb=$E000
  T $8749 cb=-1 S=$FF depth=6 wb=$E000
  C $8749 cb=-1 S=$FF depth=6 wb=$E000
  T $8749 cb=-1 S=$FF depth=6 wb=$E000
  C $8749 cb=-1 S=$FF depth=6 wb=$E000
  C $DB65 cb=-1 S=$FF depth=3 wb=$C000
  C $DB92 cb=-1 S=$FF depth=3 wb=$C000
  C $D341 cb=-1 S=$FF depth=4 wb=$C000
  T $D377 cb=-1 S=$FF depth=4 wb=$C000
  C $D377 cb=-1 S=$FF depth=4 wb=$C000
  N $0002 cb=-1 S=$FC depth=3 wb=$E000
  C $DE39 cb=-1 S=$F9 depth=3 wb=$C000
  T $E11E cb=-1 S=$F9 depth=4 wb=$C000
  C $E11E cb=-1 S=$F9 depth=4 wb=$C000
  T $E11E cb=-1 S=$F9 depth=3 wb=$E000
  C $E11E cb=-1 S=$F9 depth=3 wb=$E000
  C $DCCE cb=-1 S=$F9 depth=3 wb=$C000
  C $CB25 cb=-1 S=$F9 depth=3 wb=$C000
  C $CD30 cb=-1 S=$F9 depth=4 wb=$C000
  C $CD30 cb=-1 S=$F9 depth=4 wb=$C000
  C $CC71 cb=-1 S=$F9 depth=4 wb=$C000
  T $CC61 cb=-1 S=$F9 depth=5 wb=$C000
  C $CC61 cb=-1 S=$F9 depth=5 wb=$C000
  C $CCDA cb=-1 S=$F9 depth=4 wb=$C000
  C $CC71 cb=-1 S=$F9 depth=4 wb=$C000
  T $CC61 cb=-1 S=$F9 depth=5 wb=$C000
  C $CC61 cb=-1 S=$F9 depth=5 wb=$C000
  C $CCDA cb=-1 S=$F9 depth=4 wb=$C000
  C $CC71 cb=-1 S=$F9 depth=4 wb=$C000
  T $CC61 cb=-1 S=$F9 depth=5 wb=$C000
  C $CC61 cb=-1 S=$F9 depth=5 wb=$C000
  C $CCDA cb=-1 S=$F9 depth=4 wb=$C000
  C $CC71 cb=-1 S=$F9 depth=4 wb=$C000
  T $CC61 cb=-1 S=$F9 depth=5 wb=$C000
  C $CC61 cb=-1 S=$F9 depth=5 wb=$C000
  n $0002 cb=-1 S=$FF depth=3 wb=$E000
  T $E9AE cb=-1 S=$F9 depth=3 wb=$E000
  C $E9AE cb=-1 S=$F9 depth=3 wb=$E000
  T $D9F0 cb=-1 S=$FF depth=3 wb=$E000
  C $D9F0 cb=-1 S=$FF depth=3 wb=$E000
  C $DBAF cb=-1 S=$FF depth=3 wb=$C000
  C $8021 cb=-1 S=$FF depth=4 wb=$C000
  T $89BF cb=6 S=$FF depth=5 wb=$8000
  C $89BF cb=6 S=$FF depth=5 wb=$8000
  T $8749 cb=-1 S=$FF depth=6 wb=$E000
  C $8749 cb=-1 S=$FF depth=6 wb=$E000
  T $8749 cb=-1 S=$FF depth=6 wb=$E000
  C $8749 cb=-1 S=$FF depth=6 wb=$E000
  T $8749 cb=-1 S=$FF depth=6 wb=$E000
  C $8749 cb=-1 S=$FF depth=6 wb=$E000
  T $8749 cb=-1 S=$FF depth=6 wb=$E000
  C $8749 cb=-1 S=$FF depth=6 wb=$E000
  C $DB65 cb=-1 S=$FF depth=3 wb=$C000
  C $DB92 cb=-1 S=$FF depth=3 wb=$C000
  C $D341 cb=-1 S=$FF depth=4 wb=$C000
  T $D377 cb=-1 S=$FF depth=4 wb=$C000
  C $D377 cb=-1 S=$FF depth=4 wb=$C000
  N $0002 cb=-1 S=$FC depth=3 wb=$E000
  C $DE39 cb=-1 S=$F9 depth=3 wb=$C000
  T $E11E cb=-1 S=$F9 depth=4 wb=$C000
  C $E11E cb=-1 S=$F9 depth=4 wb=$C000
  T $E11E cb=-1 S=$F9 depth=3 wb=$E000
  C $E11E cb=-1 S=$F9 depth=3 wb=$E000
  C $DCCE cb=-1 S=$F9 depth=3 wb=$C000
  C $CB25 cb=-1 S=$F9 depth=3 wb=$C000
  C $CD30 cb=-1 S=$F9 depth=4 wb=$C000
  C $CD30 cb=-1 S=$F9 depth=4 wb=$C000
  C $CC71 cb=-1 S=$F9 depth=4 wb=$C000
  T $CC61 cb=-1 S=$F9 depth=5 wb=$C000
  C $CC61 cb=-1 S=$F9 depth=5 wb=$C000
  C $CCDA cb=-1 S=$F9 depth=4 wb=$C000
  C $CC71 cb=-1 S=$F9 depth=4 wb=$C000
  T $CC61 cb=-1 S=$F9 depth=5 wb=$C000
  C $CC61 cb=-1 S=$F9 depth=5 wb=$C000
  C $CCDA cb=-1 S=$F9 depth=4 wb=$C000
  C $CC71 cb=-1 S=$F9 depth=4 wb=$C000
  T $CC61 cb=-1 S=$F9 depth=5 wb=$C000
  C $CC61 cb=-1 S=$F9 depth=5 wb=$C000
  C $CCDA cb=-1 S=$F9 depth=4 wb=$C000
  C $CC71 cb=-1 S=$F9 depth=4 wb=$C000
  T $CC61 cb=-1 S=$F9 depth=5 wb=$C000
  C $CC61 cb=-1 S=$F9 depth=5 wb=$C000
  n $0002 cb=-1 S=$FF depth=3 wb=$E000
  T $E9AE cb=-1 S=$F9 depth=3 wb=$E000
  C $E9AE cb=-1 S=$F9 depth=3 wb=$E000
  T $D9F0 cb=-1 S=$FF depth=3 wb=$E000
  C $D9F0 cb=-1 S=$FF depth=3 wb=$E000
  C $DBAF cb=-1 S=$FF depth=3 wb=$C000
  C $8021 cb=-1 S=$FF depth=4 wb=$C000
  T $89BF cb=6 S=$FF depth=5 wb=$8000
  C $89BF cb=6 S=$FF depth=5 wb=$8000
  T $8749 cb=-1 S=$FF depth=6 wb=$E000
  C $8749 cb=-1 S=$FF depth=6 wb=$E000
  T $8749 cb=-1 S=$FF depth=6 wb=$E000
  C $8749 cb=-1 S=$FF depth=6 wb=$E000
  T $8749 cb=-1 S=$FF depth=6 wb=$E000
  C $8749 cb=-1 S=$FF depth=6 wb=$E000
  T $8749 cb=-1 S=$FF depth=6 wb=$E000
  C $8749 cb=-1 S=$FF depth=6 wb=$E000
  C $DB65 cb=-1 S=$FF depth=3 wb=$C000
  C $DB92 cb=-1 S=$FF depth=3 wb=$C000
  C $D341 cb=-1 S=$FF depth=4 wb=$C000
  T $D377 cb=-1 S=$FF depth=4 wb=$C000
  C $D377 cb=-1 S=$FF depth=4 wb=$C000
=== end runtime fault ===

=== runtime fault: unexpected process exit with active recomp stack ===
frame=1552 cycles=53217756 cpu A=$02 X=$A4 Y=$00 P=$00 S=$FF
guest_pc=$E522 valid=1 tick_charged=1
window=$E000 bank=6 dispatch_depth=3 vblank_depth=1 ops=1 budget=29780
mapper type=4 current_bank=6 mirroring=2 select=$06 irq_latch=$7F irq_counter=$0F irq_reload=0 irq_enabled=0
mapper_regs 00 3E 00 00 00 00 0C 05
last_miss gen=$2201 cpu=$2201 bank=3 class=ZERO_FILLED call_site=$0000
recomp_stack top=507 last=func_E510
  [506] func_E510
  [505] func_DB92
  [504] func_EDF6
  [503] func_89BF_b6
  [502] func_8021_b6
  [501] func_8021_b6
  [500] func_89BF_b6
  [499] func_8021_b6
  [498] func_89BF_b6
  [497] func_8021_b6
  [496] func_89BF_b6
  [495] func_8021_b6
  [494] func_89BF_b6
  [493] func_8021_b6
  [492] func_89BF_b6
  [491] func_8021_b6
  [490] func_89BF_b6
  [489] func_8021_b6
  [488] func_89BF_b6
  [487] func_8021_b6
  [486] func_89BF_b6
  [485] func_8021_b6
  [484] func_89BF_b6
  [483] func_8021_b6
  [482] func_89BF_b6
  [481] func_8021_b6
  [480] func_89BF_b6
  [479] func_8021_b6
  [478] func_89BF_b6
  [477] func_8021_b6
  [476] func_89BF_b6
  [475] func_8021_b6
last_dispatches
  C $CCDA cb=-1 S=$F9 depth=4 wb=$C000
  C $CC71 cb=-1 S=$F9 depth=4 wb=$C000
  T $CC61 cb=-1 S=$F9 depth=5 wb=$C000
  C $CC61 cb=-1 S=$F9 depth=5 wb=$C000
  C $CCDA cb=-1 S=$F9 depth=4 wb=$C000
  C $CC71 cb=-1 S=$F9 depth=4 wb=$C000
  T $CC61 cb=-1 S=$F9 depth=5 wb=$C000
  C $CC61 cb=-1 S=$F9 depth=5 wb=$C000
  C $CCDA cb=-1 S=$F9 depth=4 wb=$C000
  C $CC71 cb=-1 S=$F9 depth=4 wb=$C000
  T $CC61 cb=-1 S=$F9 depth=5 wb=$C000
  C $CC61 cb=-1 S=$F9 depth=5 wb=$C000
  n $0002 cb=-1 S=$FF depth=3 wb=$E000
  T $E9AE cb=-1 S=$F9 depth=3 wb=$E000
  C $E9AE cb=-1 S=$F9 depth=3 wb=$E000
  T $D9F0 cb=-1 S=$FF depth=3 wb=$E000
  C $D9F0 cb=-1 S=$FF depth=3 wb=$E000
  C $DBAF cb=-1 S=$FF depth=3 wb=$C000
  C $8021 cb=-1 S=$FF depth=4 wb=$C000
  T $89BF cb=6 S=$FF depth=5 wb=$8000
  C $89BF cb=6 S=$FF depth=5 wb=$8000
  T $8749 cb=-1 S=$FF depth=6 wb=$E000
  C $8749 cb=-1 S=$FF depth=6 wb=$E000
  T $8749 cb=-1 S=$FF depth=6 wb=$E000
  C $8749 cb=-1 S=$FF depth=6 wb=$E000
  T $8749 cb=-1 S=$FF depth=6 wb=$E000
  C $8749 cb=-1 S=$FF depth=6 wb=$E000
  T $8749 cb=-1 S=$FF depth=6 wb=$E000
  C $8749 cb=-1 S=$FF depth=6 wb=$E000
  C $DB65 cb=-1 S=$FF depth=3 wb=$C000
  C $DB92 cb=-1 S=$FF depth=3 wb=$C000
  C $D341 cb=-1 S=$FF depth=4 wb=$C000
  T $D377 cb=-1 S=$FF depth=4 wb=$C000
  C $D377 cb=-1 S=$FF depth=4 wb=$C000
  N $0002 cb=-1 S=$FC depth=3 wb=$E000
  C $DE39 cb=-1 S=$F9 depth=3 wb=$C000
  T $E11E cb=-1 S=$F9 depth=4 wb=$C000
  C $E11E cb=-1 S=$F9 depth=4 wb=$C000
  T $E11E cb=-1 S=$F9 depth=3 wb=$E000
  C $E11E cb=-1 S=$F9 depth=3 wb=$E000
  C $DCCE cb=-1 S=$F9 depth=3 wb=$C000
  C $CB25 cb=-1 S=$F9 depth=3 wb=$C000
  C $CD30 cb=-1 S=$F9 depth=4 wb=$C000
  C $CD30 cb=-1 S=$F9 depth=4 wb=$C000
  C $CC71 cb=-1 S=$F9 depth=4 wb=$C000
  T $CC61 cb=-1 S=$F9 depth=5 wb=$C000
  C $CC61 cb=-1 S=$F9 depth=5 wb=$C000
  C $CCDA cb=-1 S=$F9 depth=4 wb=$C000
  C $CC71 cb=-1 S=$F9 depth=4 wb=$C000
  T $CC61 cb=-1 S=$F9 depth=5 wb=$C000
  C $CC61 cb=-1 S=$F9 depth=5 wb=$C000
  C $CCDA cb=-1 S=$F9 depth=4 wb=$C000
  C $CC71 cb=-1 S=$F9 depth=4 wb=$C000
  T $CC61 cb=-1 S=$F9 depth=5 wb=$C000
  C $CC61 cb=-1 S=$F9 depth=5 wb=$C000
  C $CCDA cb=-1 S=$F9 depth=4 wb=$C000
  C $CC71 cb=-1 S=$F9 depth=4 wb=$C000
  T $CC61 cb=-1 S=$F9 depth=5 wb=$C000
  C $CC61 cb=-1 S=$F9 depth=5 wb=$C000
  n $0002 cb=-1 S=$FF depth=3 wb=$E000
  T $E9AE cb=-1 S=$F9 depth=3 wb=$E000
  C $E9AE cb=-1 S=$F9 depth=3 wb=$E000
  T $D9F0 cb=-1 S=$FF depth=3 wb=$E000
  C $D9F0 cb=-1 S=$FF depth=3 wb=$E000
  C $DBAF cb=-1 S=$FF depth=3 wb=$C000
  C $8021 cb=-1 S=$FF depth=4 wb=$C000
  T $89BF cb=6 S=$FF depth=5 wb=$8000
  C $89BF cb=6 S=$FF depth=5 wb=$8000
  T $8749 cb=-1 S=$FF depth=6 wb=$E000
  C $8749 cb=-1 S=$FF depth=6 wb=$E000
  T $8749 cb=-1 S=$FF depth=6 wb=$E000
  C $8749 cb=-1 S=$FF depth=6 wb=$E000
  T $8749 cb=-1 S=$FF depth=6 wb=$E000
  C $8749 cb=-1 S=$FF depth=6 wb=$E000
  T $8749 cb=-1 S=$FF depth=6 wb=$E000
  C $8749 cb=-1 S=$FF depth=6 wb=$E000
  C $DB65 cb=-1 S=$FF depth=3 wb=$C000
  C $DB92 cb=-1 S=$FF depth=3 wb=$C000
  C $D341 cb=-1 S=$FF depth=4 wb=$C000
  T $D377 cb=-1 S=$FF depth=4 wb=$C000
  C $D377 cb=-1 S=$FF depth=4 wb=$C000
  N $0002 cb=-1 S=$FC depth=3 wb=$E000
  C $DE39 cb=-1 S=$F9 depth=3 wb=$C000
  T $E11E cb=-1 S=$F9 depth=4 wb=$C000
  C $E11E cb=-1 S=$F9 depth=4 wb=$C000
  T $E11E cb=-1 S=$F9 depth=3 wb=$E000
  C $E11E cb=-1 S=$F9 depth=3 wb=$E000
  C $DCCE cb=-1 S=$F9 depth=3 wb=$C000
  C $CB25 cb=-1 S=$F9 depth=3 wb=$C000
  C $CD30 cb=-1 S=$F9 depth=4 wb=$C000
  C $CD30 cb=-1 S=$F9 depth=4 wb=$C000
  C $CC71 cb=-1 S=$F9 depth=4 wb=$C000
  T $CC61 cb=-1 S=$F9 depth=5 wb=$C000
  C $CC61 cb=-1 S=$F9 depth=5 wb=$C000
  C $CCDA cb=-1 S=$F9 depth=4 wb=$C000
  C $CC71 cb=-1 S=$F9 depth=4 wb=$C000
  T $CC61 cb=-1 S=$F9 depth=5 wb=$C000
  C $CC61 cb=-1 S=$F9 depth=5 wb=$C000
  C $CCDA cb=-1 S=$F9 depth=4 wb=$C000
  C $CC71 cb=-1 S=$F9 depth=4 wb=$C000
  T $CC61 cb=-1 S=$F9 depth=5 wb=$C000
  C $CC61 cb=-1 S=$F9 depth=5 wb=$C000
  C $CCDA cb=-1 S=$F9 depth=4 wb=$C000
  C $CC71 cb=-1 S=$F9 depth=4 wb=$C000
  T $CC61 cb=-1 S=$F9 depth=5 wb=$C000
  C $CC61 cb=-1 S=$F9 depth=5 wb=$C000
  n $0002 cb=-1 S=$FF depth=3 wb=$E000
  T $E9AE cb=-1 S=$F9 depth=3 wb=$E000
  C $E9AE cb=-1 S=$F9 depth=3 wb=$E000
  T $D9F0 cb=-1 S=$FF depth=3 wb=$E000
  C $D9F0 cb=-1 S=$FF depth=3 wb=$E000
  C $DBAF cb=-1 S=$FF depth=3 wb=$C000
  C $8021 cb=-1 S=$FF depth=4 wb=$C000
  T $89BF cb=6 S=$FF depth=5 wb=$8000
  C $89BF cb=6 S=$FF depth=5 wb=$8000
  T $8749 cb=-1 S=$FF depth=6 wb=$E000
  C $8749 cb=-1 S=$FF depth=6 wb=$E000
  T $8749 cb=-1 S=$FF depth=6 wb=$E000
  C $8749 cb=-1 S=$FF depth=6 wb=$E000
  T $8749 cb=-1 S=$FF depth=6 wb=$E000
  C $8749 cb=-1 S=$FF depth=6 wb=$E000
  T $8749 cb=-1 S=$FF depth=6 wb=$E000
  C $8749 cb=-1 S=$FF depth=6 wb=$E000
  C $DB65 cb=-1 S=$FF depth=3 wb=$C000
  C $DB92 cb=-1 S=$FF depth=3 wb=$C000
  C $D341 cb=-1 S=$FF depth=4 wb=$C000
  T $D377 cb=-1 S=$FF depth=4 wb=$C000
  C $D377 cb=-1 S=$FF depth=4 wb=$C000
=== end runtime fault ===

=== runtime fault: unexpected process exit with active recomp stack ===
frame=1909 cycles=3831008197 cpu A=$E1 X=$24 Y=$0C P=$00 S=$FB
guest_pc=$E519 valid=1 tick_charged=1
window=$E000 bank=3 dispatch_depth=14 vblank_depth=3 ops=14891 budget=29780
mapper type=4 current_bank=3 mirroring=2 select=$07 irq_latch=$CF irq_counter=$00 irq_reload=1 irq_enabled=0
mapper_regs 40 42 00 00 2B 05 06 07
last_miss gen=$8A35 cpu=$8A35 bank=6 class=CODE call_site=$140D
recomp_stack top=432 last=func_FBD6
  [431] func_FBD6
  [430] func_FBCC
  [429] func_FC0A
  [428] func_FC02
  [427] func_CEAC
  [426] func_CDE7
  [425] func_CE4C
  [424] func_CDE7
  [423] func_CE4C
  [422] func_CDE7
  [421] func_CE4C
  [420] func_CDE7
  [419] func_CE4C
  [418] func_CDE7
  [417] func_CD7D
  [416] func_CD30
  [415] func_CB25
  [414] func_E510
  [413] func_854D_b4
  [412] func_8023_b4
  [411] func_8000_b4
  [410] func_8000_b6
  [409] func_89BF_b6
  [408] func_871D_b6
  [407] func_8000_b6
  [406] func_EDF6
  [405] func_D756
  [404] func_89BF_b6
  [403] func_8021_b6
  [402] func_89BF_b6
  [401] func_8021_b6
  [400] func_89BF_b6
last_dispatches
  C $D756 cb=-1 S=$FF depth=5 wb=$C000
  C $D796 cb=-1 S=$FF depth=6 wb=$C000
  T $D7D0 cb=-1 S=$FF depth=7 wb=$E000
  C $D7D0 cb=-1 S=$FF depth=7 wb=$E000
  C $8000 cb=-1 S=$FF depth=8 wb=$C000
  T $8EFF cb=5 S=$FF depth=9 wb=$8000
  C $8EFF cb=5 S=$FF depth=9 wb=$8000
  C $8F19 cb=5 S=$FF depth=10 wb=$8000
  T $F370 cb=-1 S=$FF depth=11 wb=$8000
  C $F370 cb=-1 S=$FF depth=11 wb=$8000
  T $F3F2 cb=-1 S=$FF depth=12 wb=$E000
  C $F3F2 cb=-1 S=$FF depth=12 wb=$E000
  T $F458 cb=-1 S=$FF depth=12 wb=$E000
  C $F458 cb=-1 S=$FF depth=12 wb=$E000
  T $E11E cb=-1 S=$FF depth=12 wb=$E000
  C $E11E cb=-1 S=$FF depth=12 wb=$E000
  C $8F29 cb=5 S=$FF depth=10 wb=$8000
  T $9B6E cb=5 S=$FF depth=11 wb=$8000
  C $9B6E cb=5 S=$FF depth=11 wb=$8000
  C $8F19 cb=5 S=$FF depth=10 wb=$8000
  T $F321 cb=-1 S=$FF depth=11 wb=$8000
  C $F321 cb=-1 S=$FF depth=11 wb=$8000
  C $8F29 cb=5 S=$FF depth=10 wb=$8000
  T $9B6E cb=5 S=$FF depth=11 wb=$8000
  C $9B6E cb=5 S=$FF depth=11 wb=$8000
  C $8006 cb=-1 S=$FF depth=8 wb=$C000
  T $9015 cb=5 S=$FF depth=9 wb=$8000
  C $9015 cb=5 S=$FF depth=9 wb=$8000
  C $904E cb=5 S=$FF depth=10 wb=$8000
  T $9014 cb=-1 S=$FF depth=11 wb=$8000
  C $9014 cb=-1 S=$FF depth=11 wb=$8000
  C $9083 cb=5 S=$FF depth=10 wb=$8000
  C $904E cb=5 S=$FF depth=10 wb=$8000
  T $9014 cb=-1 S=$FF depth=11 wb=$8000
  C $9014 cb=-1 S=$FF depth=11 wb=$8000
  C $9083 cb=5 S=$FF depth=10 wb=$8000
  C $9060 cb=5 S=$FF depth=10 wb=$8000
  T $9B6E cb=5 S=$FF depth=11 wb=$8000
  C $9B6E cb=5 S=$FF depth=11 wb=$8000
  C $9060 cb=5 S=$FF depth=10 wb=$8000
  T $9B6E cb=5 S=$FF depth=11 wb=$8000
  C $9B6E cb=5 S=$FF depth=11 wb=$8000
  C $8009 cb=-1 S=$FF depth=8 wb=$C000
  T $90D6 cb=5 S=$FF depth=9 wb=$8000
  C $90D6 cb=5 S=$FF depth=9 wb=$8000
  T $8003 cb=-1 S=$FF depth=8 wb=$C000
  C $8003 cb=-1 S=$FF depth=8 wb=$C000
  T $8F55 cb=5 S=$FF depth=9 wb=$8000
  C $8F55 cb=5 S=$FF depth=9 wb=$8000
  T $D377 cb=-1 S=$FF depth=7 wb=$C000
  C $D377 cb=-1 S=$FF depth=7 wb=$C000
  C $8000 cb=-1 S=$FF depth=6 wb=$C000
  T $871D cb=6 S=$FF depth=7 wb=$8000
  C $871D cb=6 S=$FF depth=7 wb=$8000
  C $8BBE cb=6 S=$FF depth=8 wb=$8000
  T $8CB3 cb=-1 S=$FF depth=9 wb=$E000
  C $8CB3 cb=-1 S=$FF depth=9 wb=$E000
  C $874A cb=6 S=$FF depth=8 wb=$8000
  T $8749 cb=-1 S=$FF depth=9 wb=$8000
  C $8749 cb=-1 S=$FF depth=9 wb=$8000
  T $8749 cb=-1 S=$FF depth=8 wb=$8000
  C $8749 cb=-1 S=$FF depth=8 wb=$8000
  C $8009 cb=-1 S=$FF depth=6 wb=$C000
  T $816C cb=6 S=$FF depth=7 wb=$8000
  C $816C cb=6 S=$FF depth=7 wb=$8000
  C $8707 cb=6 S=$FF depth=8 wb=$8000
  C $84CE cb=6 S=$FF depth=8 wb=$8000
  C $8561 cb=6 S=$FF depth=8 wb=$8000
  T $8000 cb=-1 S=$FF depth=6 wb=$C000
  C $8000 cb=-1 S=$FF depth=6 wb=$C000
  T $8023 cb=4 S=$FF depth=7 wb=$8000
  C $8023 cb=4 S=$FF depth=7 wb=$8000
  T $854D cb=-1 S=$FF depth=8 wb=$8000
  C $854D cb=-1 S=$FF depth=8 wb=$8000
  T $8050 cb=4 S=$FF depth=9 wb=$8000
  C $8050 cb=4 S=$FF depth=9 wb=$8000
  N $0002 cb=-1 S=$FC depth=5 wb=$E000
  C $DE39 cb=-1 S=$F9 depth=5 wb=$C000
  T $E11E cb=-1 S=$F9 depth=6 wb=$C000
  C $E11E cb=-1 S=$F9 depth=6 wb=$C000
  C $DCCE cb=-1 S=$F9 depth=5 wb=$C000
  C $CB25 cb=-1 S=$F9 depth=5 wb=$C000
  C $CF72 cb=-1 S=$F9 depth=6 wb=$C000
  C $CFF3 cb=-1 S=$F9 depth=6 wb=$C000
  C $CD30 cb=-1 S=$F9 depth=6 wb=$C000
  C $CD7D cb=-1 S=$F9 depth=7 wb=$C000
  T $CDE7 cb=-1 S=$F9 depth=8 wb=$C000
  C $CDE7 cb=-1 S=$F9 depth=8 wb=$C000
  T $CF55 cb=-1 S=$F9 depth=9 wb=$C000
  C $CF55 cb=-1 S=$F9 depth=9 wb=$C000
  C $CD7D cb=-1 S=$F9 depth=7 wb=$C000
  T $CDE7 cb=-1 S=$F9 depth=8 wb=$C000
  C $CDE7 cb=-1 S=$F9 depth=8 wb=$C000
  T $CE4C cb=-1 S=$F9 depth=9 wb=$C000
  C $CE4C cb=-1 S=$F9 depth=9 wb=$C000
  T $CD93 cb=-1 S=$F9 depth=10 wb=$C000
  C $CD93 cb=-1 S=$F9 depth=10 wb=$C000
  D $CDE7 cb=-1 S=$F9 depth=8 wb=$C000
  C $CDE7 cb=-1 S=$F9 depth=8 wb=$C000
  T $CE4C cb=-1 S=$F9 depth=9 wb=$C000
  C $CE4C cb=-1 S=$F9 depth=9 wb=$C000
  T $CD93 cb=-1 S=$F9 depth=10 wb=$C000
  C $CD93 cb=-1 S=$F9 depth=10 wb=$C000
  D $CDE7 cb=-1 S=$F9 depth=8 wb=$C000
  C $CDE7 cb=-1 S=$F9 depth=8 wb=$C000
  T $CE4C cb=-1 S=$F9 depth=9 wb=$C000
  C $CE4C cb=-1 S=$F9 depth=9 wb=$C000
  T $CD93 cb=-1 S=$F9 depth=10 wb=$C000
  C $CD93 cb=-1 S=$F9 depth=10 wb=$C000
  D $CDE7 cb=-1 S=$F9 depth=8 wb=$C000
  C $CDE7 cb=-1 S=$F9 depth=8 wb=$C000
  T $CE4C cb=-1 S=$F9 depth=9 wb=$C000
  C $CE4C cb=-1 S=$F9 depth=9 wb=$C000
  T $CD93 cb=-1 S=$F9 depth=10 wb=$C000
  C $CD93 cb=-1 S=$F9 depth=10 wb=$C000
  D $CDE7 cb=-1 S=$F9 depth=8 wb=$C000
  C $CDE7 cb=-1 S=$F9 depth=8 wb=$C000
  T $CEAC cb=-1 S=$F9 depth=9 wb=$C000
  C $CEAC cb=-1 S=$F9 depth=9 wb=$C000
  C $CD5F cb=-1 S=$F9 depth=10 wb=$C000
  T $FC02 cb=-1 S=$FB depth=10 wb=$C000
  C $FC02 cb=-1 S=$FB depth=10 wb=$C000
  T $FC0A cb=-1 S=$FB depth=11 wb=$E000
  C $FC0A cb=-1 S=$FB depth=11 wb=$E000
  T $FBCC cb=-1 S=$FB depth=12 wb=$E000
  C $FBCC cb=-1 S=$FB depth=12 wb=$E000
  T $FBD6 cb=-1 S=$FB depth=13 wb=$E000
  C $FBD6 cb=-1 S=$FB depth=13 wb=$E000
=== end runtime fault ===

=== runtime fault: unexpected process exit with active recomp stack ===
frame=1909 cycles=51451070014 cpu A=$E1 X=$24 Y=$0C P=$00 S=$FB
guest_pc=$E519 valid=1 tick_charged=1
window=$E000 bank=3 dispatch_depth=14 vblank_depth=3 ops=14891 budget=29781
mapper type=4 current_bank=3 mirroring=2 select=$07 irq_latch=$CF irq_counter=$00 irq_reload=1 irq_enabled=0
mapper_regs 40 42 00 00 2B 05 06 07
last_miss gen=$8A35 cpu=$8A35 bank=6 class=CODE call_site=$140D
recomp_stack top=432 last=func_FBD6
  [431] func_FBD6
  [430] func_FBCC
  [429] func_FC0A
  [428] func_FC02
  [427] func_CEAC
  [426] func_CDE7
  [425] func_CE4C
  [424] func_CDE7
  [423] func_CE4C
  [422] func_CDE7
  [421] func_CE4C
  [420] func_CDE7
  [419] func_CE4C
  [418] func_CDE7
  [417] func_CD7D
  [416] func_CD30
  [415] func_CB25
  [414] func_E510
  [413] func_854D_b4
  [412] func_8023_b4
  [411] func_8000_b4
  [410] func_8000_b6
  [409] func_89BF_b6
  [408] func_871D_b6
  [407] func_8000_b6
  [406] func_EDF6
  [405] func_D756
  [404] func_89BF_b6
  [403] func_8021_b6
  [402] func_89BF_b6
  [401] func_8021_b6
  [400] func_89BF_b6
last_dispatches
  C $D756 cb=-1 S=$FF depth=5 wb=$C000
  C $D796 cb=-1 S=$FF depth=6 wb=$C000
  T $D7D0 cb=-1 S=$FF depth=7 wb=$E000
  C $D7D0 cb=-1 S=$FF depth=7 wb=$E000
  C $8000 cb=-1 S=$FF depth=8 wb=$C000
  T $8EFF cb=5 S=$FF depth=9 wb=$8000
  C $8EFF cb=5 S=$FF depth=9 wb=$8000
  C $8F19 cb=5 S=$FF depth=10 wb=$8000
  T $F370 cb=-1 S=$FF depth=11 wb=$8000
  C $F370 cb=-1 S=$FF depth=11 wb=$8000
  T $F3F2 cb=-1 S=$FF depth=12 wb=$E000
  C $F3F2 cb=-1 S=$FF depth=12 wb=$E000
  T $F458 cb=-1 S=$FF depth=12 wb=$E000
  C $F458 cb=-1 S=$FF depth=12 wb=$E000
  T $E11E cb=-1 S=$FF depth=12 wb=$E000
  C $E11E cb=-1 S=$FF depth=12 wb=$E000
  C $8F29 cb=5 S=$FF depth=10 wb=$8000
  T $9B6E cb=5 S=$FF depth=11 wb=$8000
  C $9B6E cb=5 S=$FF depth=11 wb=$8000
  C $8F19 cb=5 S=$FF depth=10 wb=$8000
  T $F321 cb=-1 S=$FF depth=11 wb=$8000
  C $F321 cb=-1 S=$FF depth=11 wb=$8000
  C $8F29 cb=5 S=$FF depth=10 wb=$8000
  T $9B6E cb=5 S=$FF depth=11 wb=$8000
  C $9B6E cb=5 S=$FF depth=11 wb=$8000
  C $8006 cb=-1 S=$FF depth=8 wb=$C000
  T $9015 cb=5 S=$FF depth=9 wb=$8000
  C $9015 cb=5 S=$FF depth=9 wb=$8000
  C $904E cb=5 S=$FF depth=10 wb=$8000
  T $9014 cb=-1 S=$FF depth=11 wb=$8000
  C $9014 cb=-1 S=$FF depth=11 wb=$8000
  C $9083 cb=5 S=$FF depth=10 wb=$8000
  C $904E cb=5 S=$FF depth=10 wb=$8000
  T $9014 cb=-1 S=$FF depth=11 wb=$8000
  C $9014 cb=-1 S=$FF depth=11 wb=$8000
  C $9083 cb=5 S=$FF depth=10 wb=$8000
  C $9060 cb=5 S=$FF depth=10 wb=$8000
  T $9B6E cb=5 S=$FF depth=11 wb=$8000
  C $9B6E cb=5 S=$FF depth=11 wb=$8000
  C $9060 cb=5 S=$FF depth=10 wb=$8000
  T $9B6E cb=5 S=$FF depth=11 wb=$8000
  C $9B6E cb=5 S=$FF depth=11 wb=$8000
  C $8009 cb=-1 S=$FF depth=8 wb=$C000
  T $90D6 cb=5 S=$FF depth=9 wb=$8000
  C $90D6 cb=5 S=$FF depth=9 wb=$8000
  T $8003 cb=-1 S=$FF depth=8 wb=$C000
  C $8003 cb=-1 S=$FF depth=8 wb=$C000
  T $8F55 cb=5 S=$FF depth=9 wb=$8000
  C $8F55 cb=5 S=$FF depth=9 wb=$8000
  T $D377 cb=-1 S=$FF depth=7 wb=$C000
  C $D377 cb=-1 S=$FF depth=7 wb=$C000
  C $8000 cb=-1 S=$FF depth=6 wb=$C000
  T $871D cb=6 S=$FF depth=7 wb=$8000
  C $871D cb=6 S=$FF depth=7 wb=$8000
  C $8BBE cb=6 S=$FF depth=8 wb=$8000
  T $8CB3 cb=-1 S=$FF depth=9 wb=$E000
  C $8CB3 cb=-1 S=$FF depth=9 wb=$E000
  C $874A cb=6 S=$FF depth=8 wb=$8000
  T $8749 cb=-1 S=$FF depth=9 wb=$8000
  C $8749 cb=-1 S=$FF depth=9 wb=$8000
  T $8749 cb=-1 S=$FF depth=8 wb=$8000
  C $8749 cb=-1 S=$FF depth=8 wb=$8000
  C $8009 cb=-1 S=$FF depth=6 wb=$C000
  T $816C cb=6 S=$FF depth=7 wb=$8000
  C $816C cb=6 S=$FF depth=7 wb=$8000
  C $8707 cb=6 S=$FF depth=8 wb=$8000
  C $84CE cb=6 S=$FF depth=8 wb=$8000
  C $8561 cb=6 S=$FF depth=8 wb=$8000
  T $8000 cb=-1 S=$FF depth=6 wb=$C000
  C $8000 cb=-1 S=$FF depth=6 wb=$C000
  T $8023 cb=4 S=$FF depth=7 wb=$8000
  C $8023 cb=4 S=$FF depth=7 wb=$8000
  T $854D cb=-1 S=$FF depth=8 wb=$8000
  C $854D cb=-1 S=$FF depth=8 wb=$8000
  T $8050 cb=4 S=$FF depth=9 wb=$8000
  C $8050 cb=4 S=$FF depth=9 wb=$8000
  N $0002 cb=-1 S=$FC depth=5 wb=$E000
  C $DE39 cb=-1 S=$F9 depth=5 wb=$C000
  T $E11E cb=-1 S=$F9 depth=6 wb=$C000
  C $E11E cb=-1 S=$F9 depth=6 wb=$C000
  C $DCCE cb=-1 S=$F9 depth=5 wb=$C000
  C $CB25 cb=-1 S=$F9 depth=5 wb=$C000
  C $CF72 cb=-1 S=$F9 depth=6 wb=$C000
  C $CFF3 cb=-1 S=$F9 depth=6 wb=$C000
  C $CD30 cb=-1 S=$F9 depth=6 wb=$C000
  C $CD7D cb=-1 S=$F9 depth=7 wb=$C000
  T $CDE7 cb=-1 S=$F9 depth=8 wb=$C000
  C $CDE7 cb=-1 S=$F9 depth=8 wb=$C000
  T $CF55 cb=-1 S=$F9 depth=9 wb=$C000
  C $CF55 cb=-1 S=$F9 depth=9 wb=$C000
  C $CD7D cb=-1 S=$F9 depth=7 wb=$C000
  T $CDE7 cb=-1 S=$F9 depth=8 wb=$C000
  C $CDE7 cb=-1 S=$F9 depth=8 wb=$C000
  T $CE4C cb=-1 S=$F9 depth=9 wb=$C000
  C $CE4C cb=-1 S=$F9 depth=9 wb=$C000
  T $CD93 cb=-1 S=$F9 depth=10 wb=$C000
  C $CD93 cb=-1 S=$F9 depth=10 wb=$C000
  D $CDE7 cb=-1 S=$F9 depth=8 wb=$C000
  C $CDE7 cb=-1 S=$F9 depth=8 wb=$C000
  T $CE4C cb=-1 S=$F9 depth=9 wb=$C000
  C $CE4C cb=-1 S=$F9 depth=9 wb=$C000
  T $CD93 cb=-1 S=$F9 depth=10 wb=$C000
  C $CD93 cb=-1 S=$F9 depth=10 wb=$C000
  D $CDE7 cb=-1 S=$F9 depth=8 wb=$C000
  C $CDE7 cb=-1 S=$F9 depth=8 wb=$C000
  T $CE4C cb=-1 S=$F9 depth=9 wb=$C000
  C $CE4C cb=-1 S=$F9 depth=9 wb=$C000
  T $CD93 cb=-1 S=$F9 depth=10 wb=$C000
  C $CD93 cb=-1 S=$F9 depth=10 wb=$C000
  D $CDE7 cb=-1 S=$F9 depth=8 wb=$C000
  C $CDE7 cb=-1 S=$F9 depth=8 wb=$C000
  T $CE4C cb=-1 S=$F9 depth=9 wb=$C000
  C $CE4C cb=-1 S=$F9 depth=9 wb=$C000
  T $CD93 cb=-1 S=$F9 depth=10 wb=$C000
  C $CD93 cb=-1 S=$F9 depth=10 wb=$C000
  D $CDE7 cb=-1 S=$F9 depth=8 wb=$C000
  C $CDE7 cb=-1 S=$F9 depth=8 wb=$C000
  T $CEAC cb=-1 S=$F9 depth=9 wb=$C000
  C $CEAC cb=-1 S=$F9 depth=9 wb=$C000
  C $CD5F cb=-1 S=$F9 depth=10 wb=$C000
  T $FC02 cb=-1 S=$FB depth=10 wb=$C000
  C $FC02 cb=-1 S=$FB depth=10 wb=$C000
  T $FC0A cb=-1 S=$FB depth=11 wb=$E000
  C $FC0A cb=-1 S=$FB depth=11 wb=$E000
  T $FBCC cb=-1 S=$FB depth=12 wb=$E000
  C $FBCC cb=-1 S=$FB depth=12 wb=$E000
  T $FBD6 cb=-1 S=$FB depth=13 wb=$E000
  C $FBD6 cb=-1 S=$FB depth=13 wb=$E000
=== end runtime fault ===

=== runtime fault: unexpected process exit with active recomp stack ===
frame=1909 cycles=5072348779 cpu A=$E1 X=$24 Y=$0C P=$00 S=$FB
guest_pc=$E519 valid=1 tick_charged=1
window=$E000 bank=3 dispatch_depth=14 vblank_depth=3 ops=14892 budget=29781
mapper type=4 current_bank=3 mirroring=2 select=$07 irq_latch=$CF irq_counter=$00 irq_reload=1 irq_enabled=0
mapper_regs 40 42 00 00 2B 05 06 07
last_miss gen=$8A35 cpu=$8A35 bank=6 class=CODE call_site=$140D
recomp_stack top=432 last=func_FBD6
  [431] func_FBD6
  [430] func_FBCC
  [429] func_FC0A
  [428] func_FC02
  [427] func_CEAC
  [426] func_CDE7
  [425] func_CE4C
  [424] func_CDE7
  [423] func_CE4C
  [422] func_CDE7
  [421] func_CE4C
  [420] func_CDE7
  [419] func_CE4C
  [418] func_CDE7
  [417] func_CD7D
  [416] func_CD30
  [415] func_CB25
  [414] func_E510
  [413] func_854D_b4
  [412] func_8023_b4
  [411] func_8000_b4
  [410] func_8000_b6
  [409] func_89BF_b6
  [408] func_871D_b6
  [407] func_8000_b6
  [406] func_EDF6
  [405] func_D756
  [404] func_89BF_b6
  [403] func_8021_b6
  [402] func_89BF_b6
  [401] func_8021_b6
  [400] func_89BF_b6
last_dispatches
  C $D756 cb=-1 S=$FF depth=5 wb=$C000
  C $D796 cb=-1 S=$FF depth=6 wb=$C000
  T $D7D0 cb=-1 S=$FF depth=7 wb=$E000
  C $D7D0 cb=-1 S=$FF depth=7 wb=$E000
  C $8000 cb=-1 S=$FF depth=8 wb=$C000
  T $8EFF cb=5 S=$FF depth=9 wb=$8000
  C $8EFF cb=5 S=$FF depth=9 wb=$8000
  C $8F19 cb=5 S=$FF depth=10 wb=$8000
  T $F370 cb=-1 S=$FF depth=11 wb=$8000
  C $F370 cb=-1 S=$FF depth=11 wb=$8000
  T $F3F2 cb=-1 S=$FF depth=12 wb=$E000
  C $F3F2 cb=-1 S=$FF depth=12 wb=$E000
  T $F458 cb=-1 S=$FF depth=12 wb=$E000
  C $F458 cb=-1 S=$FF depth=12 wb=$E000
  T $E11E cb=-1 S=$FF depth=12 wb=$E000
  C $E11E cb=-1 S=$FF depth=12 wb=$E000
  C $8F29 cb=5 S=$FF depth=10 wb=$8000
  T $9B6E cb=5 S=$FF depth=11 wb=$8000
  C $9B6E cb=5 S=$FF depth=11 wb=$8000
  C $8F19 cb=5 S=$FF depth=10 wb=$8000
  T $F321 cb=-1 S=$FF depth=11 wb=$8000
  C $F321 cb=-1 S=$FF depth=11 wb=$8000
  C $8F29 cb=5 S=$FF depth=10 wb=$8000
  T $9B6E cb=5 S=$FF depth=11 wb=$8000
  C $9B6E cb=5 S=$FF depth=11 wb=$8000
  C $8006 cb=-1 S=$FF depth=8 wb=$C000
  T $9015 cb=5 S=$FF depth=9 wb=$8000
  C $9015 cb=5 S=$FF depth=9 wb=$8000
  C $904E cb=5 S=$FF depth=10 wb=$8000
  T $9014 cb=-1 S=$FF depth=11 wb=$8000
  C $9014 cb=-1 S=$FF depth=11 wb=$8000
  C $9083 cb=5 S=$FF depth=10 wb=$8000
  C $904E cb=5 S=$FF depth=10 wb=$8000
  T $9014 cb=-1 S=$FF depth=11 wb=$8000
  C $9014 cb=-1 S=$FF depth=11 wb=$8000
  C $9083 cb=5 S=$FF depth=10 wb=$8000
  C $9060 cb=5 S=$FF depth=10 wb=$8000
  T $9B6E cb=5 S=$FF depth=11 wb=$8000
  C $9B6E cb=5 S=$FF depth=11 wb=$8000
  C $9060 cb=5 S=$FF depth=10 wb=$8000
  T $9B6E cb=5 S=$FF depth=11 wb=$8000
  C $9B6E cb=5 S=$FF depth=11 wb=$8000
  C $8009 cb=-1 S=$FF depth=8 wb=$C000
  T $90D6 cb=5 S=$FF depth=9 wb=$8000
  C $90D6 cb=5 S=$FF depth=9 wb=$8000
  T $8003 cb=-1 S=$FF depth=8 wb=$C000
  C $8003 cb=-1 S=$FF depth=8 wb=$C000
  T $8F55 cb=5 S=$FF depth=9 wb=$8000
  C $8F55 cb=5 S=$FF depth=9 wb=$8000
  T $D377 cb=-1 S=$FF depth=7 wb=$C000
  C $D377 cb=-1 S=$FF depth=7 wb=$C000
  C $8000 cb=-1 S=$FF depth=6 wb=$C000
  T $871D cb=6 S=$FF depth=7 wb=$8000
  C $871D cb=6 S=$FF depth=7 wb=$8000
  C $8BBE cb=6 S=$FF depth=8 wb=$8000
  T $8CB3 cb=-1 S=$FF depth=9 wb=$E000
  C $8CB3 cb=-1 S=$FF depth=9 wb=$E000
  C $874A cb=6 S=$FF depth=8 wb=$8000
  T $8749 cb=-1 S=$FF depth=9 wb=$8000
  C $8749 cb=-1 S=$FF depth=9 wb=$8000
  T $8749 cb=-1 S=$FF depth=8 wb=$8000
  C $8749 cb=-1 S=$FF depth=8 wb=$8000
  C $8009 cb=-1 S=$FF depth=6 wb=$C000
  T $816C cb=6 S=$FF depth=7 wb=$8000
  C $816C cb=6 S=$FF depth=7 wb=$8000
  C $8707 cb=6 S=$FF depth=8 wb=$8000
  C $84CE cb=6 S=$FF depth=8 wb=$8000
  C $8561 cb=6 S=$FF depth=8 wb=$8000
  T $8000 cb=-1 S=$FF depth=6 wb=$C000
  C $8000 cb=-1 S=$FF depth=6 wb=$C000
  T $8023 cb=4 S=$FF depth=7 wb=$8000
  C $8023 cb=4 S=$FF depth=7 wb=$8000
  T $854D cb=-1 S=$FF depth=8 wb=$8000
  C $854D cb=-1 S=$FF depth=8 wb=$8000
  T $8050 cb=4 S=$FF depth=9 wb=$8000
  C $8050 cb=4 S=$FF depth=9 wb=$8000
  N $0002 cb=-1 S=$FC depth=5 wb=$E000
  C $DE39 cb=-1 S=$F9 depth=5 wb=$C000
  T $E11E cb=-1 S=$F9 depth=6 wb=$C000
  C $E11E cb=-1 S=$F9 depth=6 wb=$C000
  C $DCCE cb=-1 S=$F9 depth=5 wb=$C000
  C $CB25 cb=-1 S=$F9 depth=5 wb=$C000
  C $CF72 cb=-1 S=$F9 depth=6 wb=$C000
  C $CFF3 cb=-1 S=$F9 depth=6 wb=$C000
  C $CD30 cb=-1 S=$F9 depth=6 wb=$C000
  C $CD7D cb=-1 S=$F9 depth=7 wb=$C000
  T $CDE7 cb=-1 S=$F9 depth=8 wb=$C000
  C $CDE7 cb=-1 S=$F9 depth=8 wb=$C000
  T $CF55 cb=-1 S=$F9 depth=9 wb=$C000
  C $CF55 cb=-1 S=$F9 depth=9 wb=$C000
  C $CD7D cb=-1 S=$F9 depth=7 wb=$C000
  T $CDE7 cb=-1 S=$F9 depth=8 wb=$C000
  C $CDE7 cb=-1 S=$F9 depth=8 wb=$C000
  T $CE4C cb=-1 S=$F9 depth=9 wb=$C000
  C $CE4C cb=-1 S=$F9 depth=9 wb=$C000
  T $CD93 cb=-1 S=$F9 depth=10 wb=$C000
  C $CD93 cb=-1 S=$F9 depth=10 wb=$C000
  D $CDE7 cb=-1 S=$F9 depth=8 wb=$C000
  C $CDE7 cb=-1 S=$F9 depth=8 wb=$C000
  T $CE4C cb=-1 S=$F9 depth=9 wb=$C000
  C $CE4C cb=-1 S=$F9 depth=9 wb=$C000
  T $CD93 cb=-1 S=$F9 depth=10 wb=$C000
  C $CD93 cb=-1 S=$F9 depth=10 wb=$C000
  D $CDE7 cb=-1 S=$F9 depth=8 wb=$C000
  C $CDE7 cb=-1 S=$F9 depth=8 wb=$C000
  T $CE4C cb=-1 S=$F9 depth=9 wb=$C000
  C $CE4C cb=-1 S=$F9 depth=9 wb=$C000
  T $CD93 cb=-1 S=$F9 depth=10 wb=$C000
  C $CD93 cb=-1 S=$F9 depth=10 wb=$C000
  D $CDE7 cb=-1 S=$F9 depth=8 wb=$C000
  C $CDE7 cb=-1 S=$F9 depth=8 wb=$C000
  T $CE4C cb=-1 S=$F9 depth=9 wb=$C000
  C $CE4C cb=-1 S=$F9 depth=9 wb=$C000
  T $CD93 cb=-1 S=$F9 depth=10 wb=$C000
  C $CD93 cb=-1 S=$F9 depth=10 wb=$C000
  D $CDE7 cb=-1 S=$F9 depth=8 wb=$C000
  C $CDE7 cb=-1 S=$F9 depth=8 wb=$C000
  T $CEAC cb=-1 S=$F9 depth=9 wb=$C000
  C $CEAC cb=-1 S=$F9 depth=9 wb=$C000
  C $CD5F cb=-1 S=$F9 depth=10 wb=$C000
  T $FC02 cb=-1 S=$FB depth=10 wb=$C000
  C $FC02 cb=-1 S=$FB depth=10 wb=$C000
  T $FC0A cb=-1 S=$FB depth=11 wb=$E000
  C $FC0A cb=-1 S=$FB depth=11 wb=$E000
  T $FBCC cb=-1 S=$FB depth=12 wb=$E000
  C $FBCC cb=-1 S=$FB depth=12 wb=$E000
  T $FBD6 cb=-1 S=$FB depth=13 wb=$E000
  C $FBD6 cb=-1 S=$FB depth=13 wb=$E000
=== end runtime fault ===

=== runtime fault: unexpected process exit with active recomp stack ===
frame=1909 cycles=872354155955 cpu A=$E1 X=$24 Y=$0C P=$00 S=$FB
guest_pc=$E519 valid=1 tick_charged=1
window=$E000 bank=3 dispatch_depth=14 vblank_depth=3 ops=14891 budget=29780
mapper type=4 current_bank=3 mirroring=2 select=$07 irq_latch=$CF irq_counter=$00 irq_reload=1 irq_enabled=0
mapper_regs 40 42 00 00 2B 05 06 07
last_miss gen=$8A35 cpu=$8A35 bank=6 class=CODE call_site=$140D
recomp_stack top=432 last=func_FBD6
  [431] func_FBD6
  [430] func_FBCC
  [429] func_FC0A
  [428] func_FC02
  [427] func_CEAC
  [426] func_CDE7
  [425] func_CE4C
  [424] func_CDE7
  [423] func_CE4C
  [422] func_CDE7
  [421] func_CE4C
  [420] func_CDE7
  [419] func_CE4C
  [418] func_CDE7
  [417] func_CD7D
  [416] func_CD30
  [415] func_CB25
  [414] func_E510
  [413] func_854D_b4
  [412] func_8023_b4
  [411] func_8000_b4
  [410] func_8000_b6
  [409] func_89BF_b6
  [408] func_871D_b6
  [407] func_8000_b6
  [406] func_EDF6
  [405] func_D756
  [404] func_89BF_b6
  [403] func_8021_b6
  [402] func_89BF_b6
  [401] func_8021_b6
  [400] func_89BF_b6
last_dispatches
  C $D756 cb=-1 S=$FF depth=5 wb=$C000
  C $D796 cb=-1 S=$FF depth=6 wb=$C000
  T $D7D0 cb=-1 S=$FF depth=7 wb=$E000
  C $D7D0 cb=-1 S=$FF depth=7 wb=$E000
  C $8000 cb=-1 S=$FF depth=8 wb=$C000
  T $8EFF cb=5 S=$FF depth=9 wb=$8000
  C $8EFF cb=5 S=$FF depth=9 wb=$8000
  C $8F19 cb=5 S=$FF depth=10 wb=$8000
  T $F370 cb=-1 S=$FF depth=11 wb=$8000
  C $F370 cb=-1 S=$FF depth=11 wb=$8000
  T $F3F2 cb=-1 S=$FF depth=12 wb=$E000
  C $F3F2 cb=-1 S=$FF depth=12 wb=$E000
  T $F458 cb=-1 S=$FF depth=12 wb=$E000
  C $F458 cb=-1 S=$FF depth=12 wb=$E000
  T $E11E cb=-1 S=$FF depth=12 wb=$E000
  C $E11E cb=-1 S=$FF depth=12 wb=$E000
  C $8F29 cb=5 S=$FF depth=10 wb=$8000
  T $9B6E cb=5 S=$FF depth=11 wb=$8000
  C $9B6E cb=5 S=$FF depth=11 wb=$8000
  C $8F19 cb=5 S=$FF depth=10 wb=$8000
  T $F321 cb=-1 S=$FF depth=11 wb=$8000
  C $F321 cb=-1 S=$FF depth=11 wb=$8000
  C $8F29 cb=5 S=$FF depth=10 wb=$8000
  T $9B6E cb=5 S=$FF depth=11 wb=$8000
  C $9B6E cb=5 S=$FF depth=11 wb=$8000
  C $8006 cb=-1 S=$FF depth=8 wb=$C000
  T $9015 cb=5 S=$FF depth=9 wb=$8000
  C $9015 cb=5 S=$FF depth=9 wb=$8000
  C $904E cb=5 S=$FF depth=10 wb=$8000
  T $9014 cb=-1 S=$FF depth=11 wb=$8000
  C $9014 cb=-1 S=$FF depth=11 wb=$8000
  C $9083 cb=5 S=$FF depth=10 wb=$8000
  C $904E cb=5 S=$FF depth=10 wb=$8000
  T $9014 cb=-1 S=$FF depth=11 wb=$8000
  C $9014 cb=-1 S=$FF depth=11 wb=$8000
  C $9083 cb=5 S=$FF depth=10 wb=$8000
  C $9060 cb=5 S=$FF depth=10 wb=$8000
  T $9B6E cb=5 S=$FF depth=11 wb=$8000
  C $9B6E cb=5 S=$FF depth=11 wb=$8000
  C $9060 cb=5 S=$FF depth=10 wb=$8000
  T $9B6E cb=5 S=$FF depth=11 wb=$8000
  C $9B6E cb=5 S=$FF depth=11 wb=$8000
  C $8009 cb=-1 S=$FF depth=8 wb=$C000
  T $90D6 cb=5 S=$FF depth=9 wb=$8000
  C $90D6 cb=5 S=$FF depth=9 wb=$8000
  T $8003 cb=-1 S=$FF depth=8 wb=$C000
  C $8003 cb=-1 S=$FF depth=8 wb=$C000
  T $8F55 cb=5 S=$FF depth=9 wb=$8000
  C $8F55 cb=5 S=$FF depth=9 wb=$8000
  T $D377 cb=-1 S=$FF depth=7 wb=$C000
  C $D377 cb=-1 S=$FF depth=7 wb=$C000
  C $8000 cb=-1 S=$FF depth=6 wb=$C000
  T $871D cb=6 S=$FF depth=7 wb=$8000
  C $871D cb=6 S=$FF depth=7 wb=$8000
  C $8BBE cb=6 S=$FF depth=8 wb=$8000
  T $8CB3 cb=-1 S=$FF depth=9 wb=$E000
  C $8CB3 cb=-1 S=$FF depth=9 wb=$E000
  C $874A cb=6 S=$FF depth=8 wb=$8000
  T $8749 cb=-1 S=$FF depth=9 wb=$8000
  C $8749 cb=-1 S=$FF depth=9 wb=$8000
  T $8749 cb=-1 S=$FF depth=8 wb=$8000
  C $8749 cb=-1 S=$FF depth=8 wb=$8000
  C $8009 cb=-1 S=$FF depth=6 wb=$C000
  T $816C cb=6 S=$FF depth=7 wb=$8000
  C $816C cb=6 S=$FF depth=7 wb=$8000
  C $8707 cb=6 S=$FF depth=8 wb=$8000
  C $84CE cb=6 S=$FF depth=8 wb=$8000
  C $8561 cb=6 S=$FF depth=8 wb=$8000
  T $8000 cb=-1 S=$FF depth=6 wb=$C000
  C $8000 cb=-1 S=$FF depth=6 wb=$C000
  T $8023 cb=4 S=$FF depth=7 wb=$8000
  C $8023 cb=4 S=$FF depth=7 wb=$8000
  T $854D cb=-1 S=$FF depth=8 wb=$8000
  C $854D cb=-1 S=$FF depth=8 wb=$8000
  T $8050 cb=4 S=$FF depth=9 wb=$8000
  C $8050 cb=4 S=$FF depth=9 wb=$8000
  N $0002 cb=-1 S=$FC depth=5 wb=$E000
  C $DE39 cb=-1 S=$F9 depth=5 wb=$C000
  T $E11E cb=-1 S=$F9 depth=6 wb=$C000
  C $E11E cb=-1 S=$F9 depth=6 wb=$C000
  C $DCCE cb=-1 S=$F9 depth=5 wb=$C000
  C $CB25 cb=-1 S=$F9 depth=5 wb=$C000
  C $CF72 cb=-1 S=$F9 depth=6 wb=$C000
  C $CFF3 cb=-1 S=$F9 depth=6 wb=$C000
  C $CD30 cb=-1 S=$F9 depth=6 wb=$C000
  C $CD7D cb=-1 S=$F9 depth=7 wb=$C000
  T $CDE7 cb=-1 S=$F9 depth=8 wb=$C000
  C $CDE7 cb=-1 S=$F9 depth=8 wb=$C000
  T $CF55 cb=-1 S=$F9 depth=9 wb=$C000
  C $CF55 cb=-1 S=$F9 depth=9 wb=$C000
  C $CD7D cb=-1 S=$F9 depth=7 wb=$C000
  T $CDE7 cb=-1 S=$F9 depth=8 wb=$C000
  C $CDE7 cb=-1 S=$F9 depth=8 wb=$C000
  T $CE4C cb=-1 S=$F9 depth=9 wb=$C000
  C $CE4C cb=-1 S=$F9 depth=9 wb=$C000
  T $CD93 cb=-1 S=$F9 depth=10 wb=$C000
  C $CD93 cb=-1 S=$F9 depth=10 wb=$C000
  D $CDE7 cb=-1 S=$F9 depth=8 wb=$C000
  C $CDE7 cb=-1 S=$F9 depth=8 wb=$C000
  T $CE4C cb=-1 S=$F9 depth=9 wb=$C000
  C $CE4C cb=-1 S=$F9 depth=9 wb=$C000
  T $CD93 cb=-1 S=$F9 depth=10 wb=$C000
  C $CD93 cb=-1 S=$F9 depth=10 wb=$C000
  D $CDE7 cb=-1 S=$F9 depth=8 wb=$C000
  C $CDE7 cb=-1 S=$F9 depth=8 wb=$C000
  T $CE4C cb=-1 S=$F9 depth=9 wb=$C000
  C $CE4C cb=-1 S=$F9 depth=9 wb=$C000
  T $CD93 cb=-1 S=$F9 depth=10 wb=$C000
  C $CD93 cb=-1 S=$F9 depth=10 wb=$C000
  D $CDE7 cb=-1 S=$F9 depth=8 wb=$C000
  C $CDE7 cb=-1 S=$F9 depth=8 wb=$C000
  T $CE4C cb=-1 S=$F9 depth=9 wb=$C000
  C $CE4C cb=-1 S=$F9 depth=9 wb=$C000
  T $CD93 cb=-1 S=$F9 depth=10 wb=$C000
  C $CD93 cb=-1 S=$F9 depth=10 wb=$C000
  D $CDE7 cb=-1 S=$F9 depth=8 wb=$C000
  C $CDE7 cb=-1 S=$F9 depth=8 wb=$C000
  T $CEAC cb=-1 S=$F9 depth=9 wb=$C000
  C $CEAC cb=-1 S=$F9 depth=9 wb=$C000
  C $CD5F cb=-1 S=$F9 depth=10 wb=$C000
  T $FC02 cb=-1 S=$FB depth=10 wb=$C000
  C $FC02 cb=-1 S=$FB depth=10 wb=$C000
  T $FC0A cb=-1 S=$FB depth=11 wb=$E000
  C $FC0A cb=-1 S=$FB depth=11 wb=$E000
  T $FBCC cb=-1 S=$FB depth=12 wb=$E000
  C $FBCC cb=-1 S=$FB depth=12 wb=$E000
  T $FBD6 cb=-1 S=$FB depth=13 wb=$E000
  C $FBD6 cb=-1 S=$FB depth=13 wb=$E000
=== end runtime fault ===

=== runtime fault: unexpected process exit with active recomp stack ===
frame=1909 cycles=51600687247 cpu A=$E1 X=$24 Y=$0C P=$00 S=$FB
guest_pc=$E519 valid=1 tick_charged=1
window=$E000 bank=3 dispatch_depth=14 vblank_depth=3 ops=14892 budget=29781
mapper type=4 current_bank=3 mirroring=2 select=$07 irq_latch=$CF irq_counter=$00 irq_reload=1 irq_enabled=0
mapper_regs 40 42 00 00 2B 05 06 07
last_miss gen=$8A35 cpu=$8A35 bank=6 class=CODE call_site=$140D
recomp_stack top=432 last=func_FBD6
  [431] func_FBD6
  [430] func_FBCC
  [429] func_FC0A
  [428] func_FC02
  [427] func_CEAC
  [426] func_CDE7
  [425] func_CE4C
  [424] func_CDE7
  [423] func_CE4C
  [422] func_CDE7
  [421] func_CE4C
  [420] func_CDE7
  [419] func_CE4C
  [418] func_CDE7
  [417] func_CD7D
  [416] func_CD30
  [415] func_CB25
  [414] func_E510
  [413] func_854D_b4
  [412] func_8023_b4
  [411] func_8000_b4
  [410] func_8000_b6
  [409] func_89BF_b6
  [408] func_871D_b6
  [407] func_8000_b6
  [406] func_EDF6
  [405] func_D756
  [404] func_89BF_b6
  [403] func_8021_b6
  [402] func_89BF_b6
  [401] func_8021_b6
  [400] func_89BF_b6
last_dispatches
  C $D756 cb=-1 S=$FF depth=5 wb=$C000
  C $D796 cb=-1 S=$FF depth=6 wb=$C000
  T $D7D0 cb=-1 S=$FF depth=7 wb=$E000
  C $D7D0 cb=-1 S=$FF depth=7 wb=$E000
  C $8000 cb=-1 S=$FF depth=8 wb=$C000
  T $8EFF cb=5 S=$FF depth=9 wb=$8000
  C $8EFF cb=5 S=$FF depth=9 wb=$8000
  C $8F19 cb=5 S=$FF depth=10 wb=$8000
  T $F370 cb=-1 S=$FF depth=11 wb=$8000
  C $F370 cb=-1 S=$FF depth=11 wb=$8000
  T $F3F2 cb=-1 S=$FF depth=12 wb=$E000
  C $F3F2 cb=-1 S=$FF depth=12 wb=$E000
  T $F458 cb=-1 S=$FF depth=12 wb=$E000
  C $F458 cb=-1 S=$FF depth=12 wb=$E000
  T $E11E cb=-1 S=$FF depth=12 wb=$E000
  C $E11E cb=-1 S=$FF depth=12 wb=$E000
  C $8F29 cb=5 S=$FF depth=10 wb=$8000
  T $9B6E cb=5 S=$FF depth=11 wb=$8000
  C $9B6E cb=5 S=$FF depth=11 wb=$8000
  C $8F19 cb=5 S=$FF depth=10 wb=$8000
  T $F321 cb=-1 S=$FF depth=11 wb=$8000
  C $F321 cb=-1 S=$FF depth=11 wb=$8000
  C $8F29 cb=5 S=$FF depth=10 wb=$8000
  T $9B6E cb=5 S=$FF depth=11 wb=$8000
  C $9B6E cb=5 S=$FF depth=11 wb=$8000
  C $8006 cb=-1 S=$FF depth=8 wb=$C000
  T $9015 cb=5 S=$FF depth=9 wb=$8000
  C $9015 cb=5 S=$FF depth=9 wb=$8000
  C $904E cb=5 S=$FF depth=10 wb=$8000
  T $9014 cb=-1 S=$FF depth=11 wb=$8000
  C $9014 cb=-1 S=$FF depth=11 wb=$8000
  C $9083 cb=5 S=$FF depth=10 wb=$8000
  C $904E cb=5 S=$FF depth=10 wb=$8000
  T $9014 cb=-1 S=$FF depth=11 wb=$8000
  C $9014 cb=-1 S=$FF depth=11 wb=$8000
  C $9083 cb=5 S=$FF depth=10 wb=$8000
  C $9060 cb=5 S=$FF depth=10 wb=$8000
  T $9B6E cb=5 S=$FF depth=11 wb=$8000
  C $9B6E cb=5 S=$FF depth=11 wb=$8000
  C $9060 cb=5 S=$FF depth=10 wb=$8000
  T $9B6E cb=5 S=$FF depth=11 wb=$8000
  C $9B6E cb=5 S=$FF depth=11 wb=$8000
  C $8009 cb=-1 S=$FF depth=8 wb=$C000
  T $90D6 cb=5 S=$FF depth=9 wb=$8000
  C $90D6 cb=5 S=$FF depth=9 wb=$8000
  T $8003 cb=-1 S=$FF depth=8 wb=$C000
  C $8003 cb=-1 S=$FF depth=8 wb=$C000
  T $8F55 cb=5 S=$FF depth=9 wb=$8000
  C $8F55 cb=5 S=$FF depth=9 wb=$8000
  T $D377 cb=-1 S=$FF depth=7 wb=$C000
  C $D377 cb=-1 S=$FF depth=7 wb=$C000
  C $8000 cb=-1 S=$FF depth=6 wb=$C000
  T $871D cb=6 S=$FF depth=7 wb=$8000
  C $871D cb=6 S=$FF depth=7 wb=$8000
  C $8BBE cb=6 S=$FF depth=8 wb=$8000
  T $8CB3 cb=-1 S=$FF depth=9 wb=$E000
  C $8CB3 cb=-1 S=$FF depth=9 wb=$E000
  C $874A cb=6 S=$FF depth=8 wb=$8000
  T $8749 cb=-1 S=$FF depth=9 wb=$8000
  C $8749 cb=-1 S=$FF depth=9 wb=$8000
  T $8749 cb=-1 S=$FF depth=8 wb=$8000
  C $8749 cb=-1 S=$FF depth=8 wb=$8000
  C $8009 cb=-1 S=$FF depth=6 wb=$C000
  T $816C cb=6 S=$FF depth=7 wb=$8000
  C $816C cb=6 S=$FF depth=7 wb=$8000
  C $8707 cb=6 S=$FF depth=8 wb=$8000
  C $84CE cb=6 S=$FF depth=8 wb=$8000
  C $8561 cb=6 S=$FF depth=8 wb=$8000
  T $8000 cb=-1 S=$FF depth=6 wb=$C000
  C $8000 cb=-1 S=$FF depth=6 wb=$C000
  T $8023 cb=4 S=$FF depth=7 wb=$8000
  C $8023 cb=4 S=$FF depth=7 wb=$8000
  T $854D cb=-1 S=$FF depth=8 wb=$8000
  C $854D cb=-1 S=$FF depth=8 wb=$8000
  T $8050 cb=4 S=$FF depth=9 wb=$8000
  C $8050 cb=4 S=$FF depth=9 wb=$8000
  N $0002 cb=-1 S=$FC depth=5 wb=$E000
  C $DE39 cb=-1 S=$F9 depth=5 wb=$C000
  T $E11E cb=-1 S=$F9 depth=6 wb=$C000
  C $E11E cb=-1 S=$F9 depth=6 wb=$C000
  C $DCCE cb=-1 S=$F9 depth=5 wb=$C000
  C $CB25 cb=-1 S=$F9 depth=5 wb=$C000
  C $CF72 cb=-1 S=$F9 depth=6 wb=$C000
  C $CFF3 cb=-1 S=$F9 depth=6 wb=$C000
  C $CD30 cb=-1 S=$F9 depth=6 wb=$C000
  C $CD7D cb=-1 S=$F9 depth=7 wb=$C000
  T $CDE7 cb=-1 S=$F9 depth=8 wb=$C000
  C $CDE7 cb=-1 S=$F9 depth=8 wb=$C000
  T $CF55 cb=-1 S=$F9 depth=9 wb=$C000
  C $CF55 cb=-1 S=$F9 depth=9 wb=$C000
  C $CD7D cb=-1 S=$F9 depth=7 wb=$C000
  T $CDE7 cb=-1 S=$F9 depth=8 wb=$C000
  C $CDE7 cb=-1 S=$F9 depth=8 wb=$C000
  T $CE4C cb=-1 S=$F9 depth=9 wb=$C000
  C $CE4C cb=-1 S=$F9 depth=9 wb=$C000
  T $CD93 cb=-1 S=$F9 depth=10 wb=$C000
  C $CD93 cb=-1 S=$F9 depth=10 wb=$C000
  D $CDE7 cb=-1 S=$F9 depth=8 wb=$C000
  C $CDE7 cb=-1 S=$F9 depth=8 wb=$C000
  T $CE4C cb=-1 S=$F9 depth=9 wb=$C000
  C $CE4C cb=-1 S=$F9 depth=9 wb=$C000
  T $CD93 cb=-1 S=$F9 depth=10 wb=$C000
  C $CD93 cb=-1 S=$F9 depth=10 wb=$C000
  D $CDE7 cb=-1 S=$F9 depth=8 wb=$C000
  C $CDE7 cb=-1 S=$F9 depth=8 wb=$C000
  T $CE4C cb=-1 S=$F9 depth=9 wb=$C000
  C $CE4C cb=-1 S=$F9 depth=9 wb=$C000
  T $CD93 cb=-1 S=$F9 depth=10 wb=$C000
  C $CD93 cb=-1 S=$F9 depth=10 wb=$C000
  D $CDE7 cb=-1 S=$F9 depth=8 wb=$C000
  C $CDE7 cb=-1 S=$F9 depth=8 wb=$C000
  T $CE4C cb=-1 S=$F9 depth=9 wb=$C000
  C $CE4C cb=-1 S=$F9 depth=9 wb=$C000
  T $CD93 cb=-1 S=$F9 depth=10 wb=$C000
  C $CD93 cb=-1 S=$F9 depth=10 wb=$C000
  D $CDE7 cb=-1 S=$F9 depth=8 wb=$C000
  C $CDE7 cb=-1 S=$F9 depth=8 wb=$C000
  T $CEAC cb=-1 S=$F9 depth=9 wb=$C000
  C $CEAC cb=-1 S=$F9 depth=9 wb=$C000
  C $CD5F cb=-1 S=$F9 depth=10 wb=$C000
  T $FC02 cb=-1 S=$FB depth=10 wb=$C000
  C $FC02 cb=-1 S=$FB depth=10 wb=$C000
  T $FC0A cb=-1 S=$FB depth=11 wb=$E000
  C $FC0A cb=-1 S=$FB depth=11 wb=$E000
  T $FBCC cb=-1 S=$FB depth=12 wb=$E000
  C $FBCC cb=-1 S=$FB depth=12 wb=$E000
  T $FBD6 cb=-1 S=$FB depth=13 wb=$E000
  C $FBD6 cb=-1 S=$FB depth=13 wb=$E000
=== end runtime fault ===

